ERC-Bericht (2026-09-18T22:40:47+0200, UTF8-kodiert)

***** Schaltplan /
[lib_symbol_mismatch]: Symbol "1543-650-149" stimmt nicht mit Kopie in Bibliothek "1543-650-149" überein
    ; warning
    @(950 mils, 2500 mils): Symbol S2 [1543-650-149]
[lib_symbol_mismatch]: Symbol "WCAP-FTXX_P10" stimmt nicht mit Kopie in Bibliothek "WCAP-FTXX_P10" überein
    ; warning
    @(950 mils, 2800 mils): Symbol C7 [WCAP-FTXX_P10]
[unconnected_wire_endpoint]: Unverbundenes Verbindungsende
    ; warning
    @(2050 mils, 2200 mils): Horizontale Verbindung, Länge 400 mils
[lib_symbol_mismatch]: Symbol "WCAP-FTXX_P10" stimmt nicht mit Kopie in Bibliothek "WCAP-FTXX_P10" überein
    ; warning
    @(4450 mils, 1750 mils): Symbol C10 [WCAP-FTXX_P10]
[lib_symbol_mismatch]: Symbol "WCAP-FTXX_P10" stimmt nicht mit Kopie in Bibliothek "WCAP-FTXX_P10" überein
    ; warning
    @(7350 mils, 1800 mils): Symbol C12 [WCAP-FTXX_P10]

***** Schaltplan /Layout/
[pin_to_pin]: Pins vom Typ Bidirectional und Power output sind verbunden
    ; warning
    @(950 mils, 2500 mils): Symbol S2 Pin 1 [1, Bidirectional, Line]
    @(10350 mils, 3000 mils): Symbol #FLG04 Pin 1 [Power output, Line]
[multiple_net_names]: GND und EPAD sind jeweils mit dem gleichen Teil verbunden. GND wird in der Netzliste benutzt
    ; warning
    @(8750 mils, 4400 mils): Symbol #PWR06 Pin 1 [Power input, Line]
    @(4150 mils, 5500 mils): Symbol U6 Versteckter Pin 41 [EPAD, Power input, Line]

***** Schaltplan /Debugging/

***** Schaltplan /Stromversorgung/

***** Schaltplan /Ethernet/
[multiple_net_names]: ETH_SCLK und ETH_SCSn sind jeweils mit dem gleichen Teil verbunden. ETH_SCLK wird in der Netzliste benutzt
    ; warning
    @(10600 mils, 3300 mils): Globaler Bezeichner "ETH_SCLK"
    @(10600 mils, 3400 mils): Globaler Bezeichner "ETH_SCSn"

 ** ERC-Meldungen: 8  Fehler 0  Warnungen 8
