ERC-Bericht (2026-09-15T21:47:15+0200, UTF8-kodiert)

***** Schaltplan /
[lib_symbol_mismatch]: Symbol "WCAP-PT5H_6.3X5.2" stimmt nicht mit Kopie in Bibliothek "WCAP-PT5H_6.3X5.2" überein
    ; warning
    @(2600 mils, 1200 mils): Symbol C8 [WCAP-PT5H_6.3X5.2]
[lib_symbol_mismatch]: Symbol "1543-650-149" stimmt nicht mit Kopie in Bibliothek "1543-650-149" überein
    ; warning
    @(2250 mils, 2400 mils): Symbol S2 [1543-650-149]
[lib_symbol_mismatch]: Symbol "WCAP-FTXX_P10" stimmt nicht mit Kopie in Bibliothek "WCAP-FTXX_P10" überein
    ; warning
    @(2250 mils, 2700 mils): Symbol C7 [WCAP-FTXX_P10]
[unconnected_wire_endpoint]: Unverbundenes Verbindungsende
    ; warning
    @(3350 mils, 2100 mils): Horizontale Verbindung, Länge 400 mils
[lib_symbol_mismatch]: Symbol "WCAP-FTXX_P10" stimmt nicht mit Kopie in Bibliothek "WCAP-FTXX_P10" überein
    ; warning
    @(5750 mils, 1650 mils): Symbol C10 [WCAP-FTXX_P10]
[lib_symbol_mismatch]: Symbol "WCAP-FTXX_P10" stimmt nicht mit Kopie in Bibliothek "WCAP-FTXX_P10" überein
    ; warning
    @(9750 mils, 1800 mils): Symbol C12 [WCAP-FTXX_P10]
[lib_symbol_mismatch]: Symbol "WL-TMRC_3MM" stimmt nicht mit Kopie in Bibliothek "WL-TMRC_3MM" überein
    ; warning
    @(9950 mils, 3400 mils): Symbol D7 [WL-TMRC_3MM]

***** Schaltplan /Layout/
[pin_to_pin]: Pins vom Typ Bidirectional und Power output sind verbunden
    ; warning
    @(2250 mils, 2400 mils): Symbol S2 Pin 1 [1, Bidirectional, Line]
    @(2200 mils, 3850 mils): Symbol J1 Pin 5 [GND, Power output, Line]
[multiple_net_names]: GND und EPAD sind jeweils mit dem gleichen Teil verbunden. GND wird in der Netzliste benutzt
    ; warning
    @(8400 mils, 3550 mils): Symbol #PWR06 Pin 1 [Power input, Line]
    @(5450 mils, 5400 mils): Symbol U6 Versteckter Pin 41 [EPAD, Power input, Line]

***** Schaltplan /Debugging/

***** Schaltplan /Stromversorgung/
[pin_to_pin]: Pins vom Typ Output und Power output sind verbunden
    ; error
    @(6250 mils, 3400 mils): Symbol PS1 Pin 6 [SW, Output, Line]
    @(7150 mils, 5650 mils): Symbol #FLG03 Pin 1 [Power output, Line]

 ** ERC-Meldungen: 10  Fehler 1  Warnungen 9
